主线雷达报告已保存：reports/2026-08-31/主线雷达.md（数据源: akshare）

# StockSight 主线雷达

- 生成时间：2026-08-31 07:32:38
- 大盘参考涨跌幅：+0.00%
- 板块数据源：akshare
- 说明：自动雷达分只用于发现方向；完整 10 项主线评分达到 6 分，才进入观察/候选流程。
- 原则：脚本拿不到的数据标为待确认，不能按 0 分处理。

## 雷达榜

| 排名 | 类型 | 板块 | 涨跌幅 | 领涨股 | 领涨幅 | 上涨/总数 | 自动雷达分 | 状态 |
|---:|---|---|---:|---|---:|---:|---:|---|
| 1 | 行业 | 传媒娱乐 | +4.76% | 中文在线 | +20.02% | 待确认 | 5.5/10 | 跟踪观察 |
| 2 | 概念 | 鸿蒙概念 | +3.10% | 极米科技 | +8.86% | 待确认 | 5.5/10 | 跟踪观察 |
| 3 | 概念 | TOPCon | +3.06% | 大族激光 | +10.00% | 待确认 | 5.5/10 | 跟踪观察 |
| 4 | 概念 | 3D打印 | +2.91% | 亚厦股份 | +10.00% | 待确认 | 4.5/10 | 仅记录 |
| 5 | 概念 | HIT电池 | +2.91% | 星帅尔 | +7.79% | 待确认 | 4.5/10 | 仅记录 |
| 6 | 概念 | 恒大概念 | +2.81% | 同飞股份 | +14.20% | 待确认 | 4.5/10 | 仅记录 |
| 7 | 概念 | 国产软件 | +2.67% | 浪潮信息 | +9.99% | 待确认 | 4.5/10 | 仅记录 |
| 8 | 概念 | 华为鸿蒙 | +2.58% | 中文在线 | +20.02% | 待确认 | 4.5/10 | 仅记录 |
| 9 | 概念 | 大飞机 | +2.54% | 铂力特 | +14.19% | 待确认 | 4.5/10 | 仅记录 |
| 10 | 概念 | 小米概念 | +2.52% | 美盈森 | +10.06% | 待确认 | 4.5/10 | 仅记录 |
| 11 | 概念 | 华为汽车 | +2.40% | 沃特股份 | +10.00% | 待确认 | 4.5/10 | 仅记录 |
| 12 | 概念 | 宽带提速 | +2.22% | 星网锐捷 | +10.00% | 待确认 | 4.5/10 | 仅记录 |
| 13 | 概念 | 科创50 | +2.19% | 睿创微纳 | +14.41% | 待确认 | 4.5/10 | 仅记录 |
| 14 | 概念 | 文化振兴 | +2.14% | 时代出版 | +10.00% | 待确认 | 4.5/10 | 仅记录 |
| 15 | 概念 | 智能机器 | +2.05% | 紫光股份 | +8.53% | 待确认 | 4.5/10 | 仅记录 |
| 16 | 概念 | 华为概念 | +2.04% | 赛意信息 | +12.00% | 待确认 | 4.5/10 | 仅记录 |
| 17 | 概念 | 苹果概念 | +2.03% | 大族激光 | +10.00% | 待确认 | 4.5/10 | 仅记录 |
| 18 | 概念 | 5G概念 | +2.02% | 美格智能 | +9.99% | 待确认 | 4.5/10 | 仅记录 |
| 19 | 行业 | 陶瓷行业 | +3.13% | 松发股份 | +3.70% | 待确认 | 4.0/10 | 仅记录 |
| 20 | 行业 | 仪器仪表 | +1.97% | 大族激光 | +10.00% | 待确认 | 2.5/10 | 仅记录 |
| 21 | 概念 | 智能穿戴 | +1.96% | 奋达科技 | +7.91% | 待确认 | 2.5/10 | 仅记录 |
| 22 | 行业 | 家具行业 | +1.92% | 海鸥住工 | +10.00% | 待确认 | 2.5/10 | 仅记录 |
| 23 | 概念 | 无线耳机 | +1.90% | 博通集成 | +9.99% | 待确认 | 2.5/10 | 仅记录 |
| 24 | 概念 | 高压快充 | +1.85% | 通合科技 | +9.15% | 待确认 | 2.5/10 | 仅记录 |
| 25 | 概念 | 高校背景 | +1.83% | 紫光股份 | +8.53% | 待确认 | 2.5/10 | 仅记录 |
| 26 | 行业 | 家电行业 | +1.63% | 禾盛新材 | +8.11% | 待确认 | 2.5/10 | 仅记录 |
| 27 | 概念 | 地热能 | +1.57% | 海鸥住工 | +10.00% | 待确认 | 2.5/10 | 仅记录 |
| 28 | 概念 | 华为海思 | +1.50% | 美格智能 | +9.99% | 待确认 | 2.5/10 | 仅记录 |
| 29 | 概念 | 雄安新区 | +1.50% | 金牛化工 | +10.02% | 待确认 | 2.5/10 | 仅记录 |
| 30 | 行业 | 电子信息 | +1.47% | ST豆神 | +19.09% | 待确认 | 2.5/10 | 仅记录 |

## 跟踪观察

### 传媒娱乐｜跟踪观察｜自动雷达 5.5/10

**自动命中项：**
- 今日明显强于大盘 +4.76pct
- 领涨股强势：中文在线 +20.02%
- 板块涨幅处于可观察区

**风险/缺口：**
- 缺少上涨/下跌家数，同步性待确认
- 主力净流入未确认或为负
- 缺少板块换手率

**10项主线评分待确认：**
- [ ] 板块是否连续 2-3 个交易日强于大盘
- [ ] 板块内是否至少 5-10 只个股同步走强
- [ ] 板块内是否有中军股放量上涨
- [ ] 龙头股是否具有持续性而不是一日游
- [ ] 板块成交额是否连续放大
- [ ] 第一次分歧后是否能够修复
- [ ] 板块指数是否站上 20 日线或突破阶段平台
- [ ] 主线内部是否出现多个有效分支扩散
- [ ] 最近 7-14 天是否有真实产业/政策/业绩/订单/价格催化
- [ ] 其他方向是否持续性弱，资金是否反复回流该方向
- [ ] 60 日涨幅是否处于第一波中段而非老主线二波

- 下一步：补齐待确认项；完整 10 项评分达到 6 分，才进入正式观察/候选。

### 鸿蒙概念｜跟踪观察｜自动雷达 5.5/10

**自动命中项：**
- 今日明显强于大盘 +3.10pct
- 领涨股强势：极米科技 +8.86%
- 板块涨幅处于可观察区

**风险/缺口：**
- 缺少上涨/下跌家数，同步性待确认
- 主力净流入未确认或为负
- 缺少板块换手率

**10项主线评分待确认：**
- [ ] 板块是否连续 2-3 个交易日强于大盘
- [ ] 板块内是否至少 5-10 只个股同步走强
- [ ] 板块内是否有中军股放量上涨
- [ ] 龙头股是否具有持续性而不是一日游
- [ ] 板块成交额是否连续放大
- [ ] 第一次分歧后是否能够修复
- [ ] 板块指数是否站上 20 日线或突破阶段平台
- [ ] 主线内部是否出现多个有效分支扩散
- [ ] 最近 7-14 天是否有真实产业/政策/业绩/订单/价格催化
- [ ] 其他方向是否持续性弱，资金是否反复回流该方向
- [ ] 60 日涨幅是否处于第一波中段而非老主线二波

- 下一步：补齐待确认项；完整 10 项评分达到 6 分，才进入正式观察/候选。

### TOPCon｜跟踪观察｜自动雷达 5.5/10

**自动命中项：**
- 今日明显强于大盘 +3.06pct
- 领涨股强势：大族激光 +10.00%
- 板块涨幅处于可观察区

**风险/缺口：**
- 缺少上涨/下跌家数，同步性待确认
- 主力净流入未确认或为负
- 缺少板块换手率

**10项主线评分待确认：**
- [ ] 板块是否连续 2-3 个交易日强于大盘
- [ ] 板块内是否至少 5-10 只个股同步走强
- [ ] 板块内是否有中军股放量上涨
- [ ] 龙头股是否具有持续性而不是一日游
- [ ] 板块成交额是否连续放大
- [ ] 第一次分歧后是否能够修复
- [ ] 板块指数是否站上 20 日线或突破阶段平台
- [ ] 主线内部是否出现多个有效分支扩散
- [ ] 最近 7-14 天是否有真实产业/政策/业绩/订单/价格催化
- [ ] 其他方向是否持续性弱，资金是否反复回流该方向
- [ ] 60 日涨幅是否处于第一波中段而非老主线二波

- 下一步：补齐待确认项；完整 10 项评分达到 6 分，才进入正式观察/候选。

