主线雷达报告已保存：reports/2026-09-08/主线雷达.md（数据源: akshare）

# StockSight 主线雷达

- 生成时间：2026-09-08 07:33:16
- 大盘参考涨跌幅：+0.00%
- 板块数据源：akshare
- 说明：自动雷达分只用于发现方向；完整 10 项主线评分达到 6 分，才进入观察/候选流程。
- 原则：脚本拿不到的数据标为待确认，不能按 0 分处理。

## 雷达榜

| 排名 | 类型 | 板块 | 涨跌幅 | 领涨股 | 领涨幅 | 上涨/总数 | 自动雷达分 | 状态 |
|---:|---|---|---:|---|---:|---:|---:|---|
| 1 | 概念 | 草甘膦 | +5.45% | 新安股份 | +10.02% | 待确认 | 5.5/10 | 跟踪观察 |
| 2 | 行业 | 农药化肥 | +4.10% | 潞化科技 | +10.16% | 待确认 | 5.5/10 | 跟踪观察 |
| 3 | 行业 | 石油行业 | +3.62% | 华锦股份 | +10.02% | 待确认 | 5.5/10 | 跟踪观察 |
| 4 | 概念 | 生物育种 | +3.39% | 敦煌种业 | +9.97% | 待确认 | 5.5/10 | 跟踪观察 |
| 5 | 概念 | CXO概念 | +3.37% | 泰格医药 | +8.20% | 待确认 | 5.5/10 | 跟踪观察 |
| 6 | 概念 | CRO概念 | +3.17% | 泰格医药 | +8.20% | 待确认 | 5.5/10 | 跟踪观察 |
| 7 | 概念 | 乡村振兴 | +3.14% | 亚盛集团 | +10.00% | 待确认 | 5.5/10 | 跟踪观察 |
| 8 | 行业 | 飞机制造 | +2.99% | 航发科技 | +8.51% | 待确认 | 4.5/10 | 仅记录 |
| 9 | 概念 | 生态农业 | +2.67% | 金正大 | +10.00% | 待确认 | 4.5/10 | 仅记录 |
| 10 | 概念 | 赛马概念 | +2.56% | 新 华 都 | +9.99% | 待确认 | 4.5/10 | 仅记录 |
| 11 | 行业 | 造纸行业 | +2.44% | 粤桂股份 | +10.02% | 待确认 | 4.5/10 | 仅记录 |
| 12 | 概念 | 油气改革 | +2.42% | 华锦股份 | +10.02% | 待确认 | 4.5/10 | 仅记录 |
| 13 | 概念 | 图们江 | +2.39% | 亚泰集团 | +10.11% | 待确认 | 4.5/10 | 仅记录 |
| 14 | 概念 | 三沙概念 | +2.34% | 海南橡胶 | +9.31% | 待确认 | 4.5/10 | 仅记录 |
| 15 | 行业 | 综合行业 | +2.31% | 广汇能源 | +7.61% | 待确认 | 4.5/10 | 仅记录 |
| 16 | 概念 | 氢能源 | +2.30% | 华昌化工 | +10.03% | 待确认 | 4.5/10 | 仅记录 |
| 17 | 概念 | 文化振兴 | +2.30% | 博瑞传播 | +10.10% | 待确认 | 4.5/10 | 仅记录 |
| 18 | 概念 | 水域改革 | +2.27% | 百洋股份 | +7.40% | 待确认 | 4.5/10 | 仅记录 |
| 19 | 概念 | 水产品 | +2.22% | 百洋股份 | +7.40% | 待确认 | 4.5/10 | 仅记录 |
| 20 | 概念 | 出口退税 | +2.16% | 云煤能源 | +10.10% | 待确认 | 4.5/10 | 仅记录 |
| 21 | 概念 | 民营医院 | +2.15% | 福瑞医科 | +8.34% | 待确认 | 4.5/10 | 仅记录 |
| 22 | 概念 | 土地流转 | +2.14% | 亚盛集团 | +10.00% | 待确认 | 4.5/10 | 仅记录 |
| 23 | 概念 | 生物燃料 | +2.08% | 中粮科技 | +10.00% | 待确认 | 4.5/10 | 仅记录 |
| 24 | 概念 | 基因测序 | +2.06% | 金健米业 | +9.31% | 待确认 | 4.5/10 | 仅记录 |
| 25 | 行业 | 纺织机械 | +2.16% | ST标准 | +5.81% | 待确认 | 4.0/10 | 仅记录 |
| 26 | 概念 | 生物疫苗 | +2.05% | 莱茵生物 | +5.53% | 待确认 | 4.0/10 | 仅记录 |
| 27 | 概念 | 雄安新区 | +1.97% | 金牛化工 | +10.02% | 待确认 | 2.5/10 | 仅记录 |
| 28 | 概念 | 朝鲜改革 | +1.92% | 亚泰集团 | +10.11% | 待确认 | 2.5/10 | 仅记录 |
| 29 | 概念 | 聚氨酯 | +1.88% | 泸天化 | +10.00% | 待确认 | 2.5/10 | 仅记录 |
| 30 | 概念 | 京津冀 | +1.82% | 金牛化工 | +10.02% | 待确认 | 2.5/10 | 仅记录 |

## 跟踪观察

### 草甘膦｜跟踪观察｜自动雷达 5.5/10

**自动命中项：**
- 今日明显强于大盘 +5.45pct
- 领涨股强势：新安股份 +10.02%
- 板块涨幅处于可观察区

**风险/缺口：**
- 缺少上涨/下跌家数，同步性待确认
- 主力净流入未确认或为负
- 缺少板块换手率

**10项主线评分待确认：**
- [ ] 板块是否连续 2-3 个交易日强于大盘
- [ ] 板块内是否至少 5-10 只个股同步走强
- [ ] 板块内是否有中军股放量上涨
- [ ] 龙头股是否具有持续性而不是一日游
- [ ] 板块成交额是否连续放大
- [ ] 第一次分歧后是否能够修复
- [ ] 板块指数是否站上 20 日线或突破阶段平台
- [ ] 主线内部是否出现多个有效分支扩散
- [ ] 最近 7-14 天是否有真实产业/政策/业绩/订单/价格催化
- [ ] 其他方向是否持续性弱，资金是否反复回流该方向
- [ ] 60 日涨幅是否处于第一波中段而非老主线二波

- 下一步：补齐待确认项；完整 10 项评分达到 6 分，才进入正式观察/候选。

### 农药化肥｜跟踪观察｜自动雷达 5.5/10

**自动命中项：**
- 今日明显强于大盘 +4.10pct
- 领涨股强势：潞化科技 +10.16%
- 板块涨幅处于可观察区

**风险/缺口：**
- 缺少上涨/下跌家数，同步性待确认
- 主力净流入未确认或为负
- 缺少板块换手率

**10项主线评分待确认：**
- [ ] 板块是否连续 2-3 个交易日强于大盘
- [ ] 板块内是否至少 5-10 只个股同步走强
- [ ] 板块内是否有中军股放量上涨
- [ ] 龙头股是否具有持续性而不是一日游
- [ ] 板块成交额是否连续放大
- [ ] 第一次分歧后是否能够修复
- [ ] 板块指数是否站上 20 日线或突破阶段平台
- [ ] 主线内部是否出现多个有效分支扩散
- [ ] 最近 7-14 天是否有真实产业/政策/业绩/订单/价格催化
- [ ] 其他方向是否持续性弱，资金是否反复回流该方向
- [ ] 60 日涨幅是否处于第一波中段而非老主线二波

- 下一步：补齐待确认项；完整 10 项评分达到 6 分，才进入正式观察/候选。

### 石油行业｜跟踪观察｜自动雷达 5.5/10

**自动命中项：**
- 今日明显强于大盘 +3.62pct
- 领涨股强势：华锦股份 +10.02%
- 板块涨幅处于可观察区

**风险/缺口：**
- 缺少上涨/下跌家数，同步性待确认
- 主力净流入未确认或为负
- 缺少板块换手率

**10项主线评分待确认：**
- [ ] 板块是否连续 2-3 个交易日强于大盘
- [ ] 板块内是否至少 5-10 只个股同步走强
- [ ] 板块内是否有中军股放量上涨
- [ ] 龙头股是否具有持续性而不是一日游
- [ ] 板块成交额是否连续放大
- [ ] 第一次分歧后是否能够修复
- [ ] 板块指数是否站上 20 日线或突破阶段平台
- [ ] 主线内部是否出现多个有效分支扩散
- [ ] 最近 7-14 天是否有真实产业/政策/业绩/订单/价格催化
- [ ] 其他方向是否持续性弱，资金是否反复回流该方向
- [ ] 60 日涨幅是否处于第一波中段而非老主线二波

- 下一步：补齐待确认项；完整 10 项评分达到 6 分，才进入正式观察/候选。

### 生物育种｜跟踪观察｜自动雷达 5.5/10

**自动命中项：**
- 今日明显强于大盘 +3.39pct
- 领涨股强势：敦煌种业 +9.97%
- 板块涨幅处于可观察区

**风险/缺口：**
- 缺少上涨/下跌家数，同步性待确认
- 主力净流入未确认或为负
- 缺少板块换手率

**10项主线评分待确认：**
- [ ] 板块是否连续 2-3 个交易日强于大盘
- [ ] 板块内是否至少 5-10 只个股同步走强
- [ ] 板块内是否有中军股放量上涨
- [ ] 龙头股是否具有持续性而不是一日游
- [ ] 板块成交额是否连续放大
- [ ] 第一次分歧后是否能够修复
- [ ] 板块指数是否站上 20 日线或突破阶段平台
- [ ] 主线内部是否出现多个有效分支扩散
- [ ] 最近 7-14 天是否有真实产业/政策/业绩/订单/价格催化
- [ ] 其他方向是否持续性弱，资金是否反复回流该方向
- [ ] 60 日涨幅是否处于第一波中段而非老主线二波

- 下一步：补齐待确认项；完整 10 项评分达到 6 分，才进入正式观察/候选。

### CXO概念｜跟踪观察｜自动雷达 5.5/10

**自动命中项：**
- 今日明显强于大盘 +3.37pct
- 领涨股强势：泰格医药 +8.20%
- 板块涨幅处于可观察区

**风险/缺口：**
- 缺少上涨/下跌家数，同步性待确认
- 主力净流入未确认或为负
- 缺少板块换手率

**10项主线评分待确认：**
- [ ] 板块是否连续 2-3 个交易日强于大盘
- [ ] 板块内是否至少 5-10 只个股同步走强
- [ ] 板块内是否有中军股放量上涨
- [ ] 龙头股是否具有持续性而不是一日游
- [ ] 板块成交额是否连续放大
- [ ] 第一次分歧后是否能够修复
- [ ] 板块指数是否站上 20 日线或突破阶段平台
- [ ] 主线内部是否出现多个有效分支扩散
- [ ] 最近 7-14 天是否有真实产业/政策/业绩/订单/价格催化
- [ ] 其他方向是否持续性弱，资金是否反复回流该方向
- [ ] 60 日涨幅是否处于第一波中段而非老主线二波

- 下一步：补齐待确认项；完整 10 项评分达到 6 分，才进入正式观察/候选。

### CRO概念｜跟踪观察｜自动雷达 5.5/10

**自动命中项：**
- 今日明显强于大盘 +3.17pct
- 领涨股强势：泰格医药 +8.20%
- 板块涨幅处于可观察区

**风险/缺口：**
- 缺少上涨/下跌家数，同步性待确认
- 主力净流入未确认或为负
- 缺少板块换手率

**10项主线评分待确认：**
- [ ] 板块是否连续 2-3 个交易日强于大盘
- [ ] 板块内是否至少 5-10 只个股同步走强
- [ ] 板块内是否有中军股放量上涨
- [ ] 龙头股是否具有持续性而不是一日游
- [ ] 板块成交额是否连续放大
- [ ] 第一次分歧后是否能够修复
- [ ] 板块指数是否站上 20 日线或突破阶段平台
- [ ] 主线内部是否出现多个有效分支扩散
- [ ] 最近 7-14 天是否有真实产业/政策/业绩/订单/价格催化
- [ ] 其他方向是否持续性弱，资金是否反复回流该方向
- [ ] 60 日涨幅是否处于第一波中段而非老主线二波

- 下一步：补齐待确认项；完整 10 项评分达到 6 分，才进入正式观察/候选。

### 乡村振兴｜跟踪观察｜自动雷达 5.5/10

**自动命中项：**
- 今日明显强于大盘 +3.14pct
- 领涨股强势：亚盛集团 +10.00%
- 板块涨幅处于可观察区

**风险/缺口：**
- 缺少上涨/下跌家数，同步性待确认
- 主力净流入未确认或为负
- 缺少板块换手率

**10项主线评分待确认：**
- [ ] 板块是否连续 2-3 个交易日强于大盘
- [ ] 板块内是否至少 5-10 只个股同步走强
- [ ] 板块内是否有中军股放量上涨
- [ ] 龙头股是否具有持续性而不是一日游
- [ ] 板块成交额是否连续放大
- [ ] 第一次分歧后是否能够修复
- [ ] 板块指数是否站上 20 日线或突破阶段平台
- [ ] 主线内部是否出现多个有效分支扩散
- [ ] 最近 7-14 天是否有真实产业/政策/业绩/订单/价格催化
- [ ] 其他方向是否持续性弱，资金是否反复回流该方向
- [ ] 60 日涨幅是否处于第一波中段而非老主线二波

- 下一步：补齐待确认项；完整 10 项评分达到 6 分，才进入正式观察/候选。

