===== REPORT 688981 =====
Data quality: 688981 中芯国际：换手率不可用或超出常规范围，已按不可用处理。
Markdown report: /workspace/reports/2026-08-26/stocksight/688981.md
EXIT:0
===== REPORT 688256 =====
Data quality: 688256 寒武纪：换手率不可用或超出常规范围，已按不可用处理。
Markdown report: /workspace/reports/2026-08-26/stocksight/688256.md
EXIT:0
===== REPORT 002821 =====
Markdown report: /workspace/reports/2026-08-26/stocksight/002821.md
EXIT:0
===== REPORT 603259 =====
Markdown report: /workspace/reports/2026-08-26/stocksight/603259.md
EXIT:0
===== REPORT 600547 =====
Markdown report: /workspace/reports/2026-08-26/stocksight/600547.md
EXIT:0
===== REPORT 600479 =====
Markdown report: /workspace/reports/2026-08-26/stocksight/600479.md
EXIT:0
===== REPORT 002742 =====
Markdown report: /workspace/reports/2026-08-26/stocksight/002742.md
EXIT:0
===== REPORT 603396 =====
Markdown report: /workspace/reports/2026-08-26/stocksight/603396.md
EXIT:0
